  CheckBox.cpp
D:\Project\C\AEXModule\AEXModule\cpp\Gui\WinGuiPlus\CheckBox.cpp(22,20): warning C4244: “初始化”: 从“float”转换到“int”，可能丢失数据
  panel.cpp
  main.cpp
D:\Project\C\AEXModule\AEXModule\h\PortableExecutable\data.h(142,16): warning C4091: “typedef ”: 没有声明变量时忽略“PE_EXPORT_FUNCTION”的左侧
  (编译源文件“AEXModule/template/GUI库/登录辅助验证窗口/main.cpp”)
  
D:\Project\C\AEXModule\AEXModule\template\GUI库\登录辅助验证窗口\main.cpp(28,7): error C2664: “HWND WinGuiPlus::window::create(HWND,LPCWSTR,LPCWSTR,WinGuiPlus::window::INFO,WinGuiPlus::window::callBack)”: 无法将参数 5 从“loginWin::<lambda_1>”转换为“WinGuiPlus::window::callBack”
      D:\Project\C\AEXModule\AEXModule\template\GUI库\登录辅助验证窗口\main.cpp(87,3):
      没有可用于执行该转换的用户定义的转换运算符，或者无法调用该运算符
      D:\Project\C\AEXModule\AEXModule\h\Gui\WinGuiPlus.h(65,14):
      参见“WinGuiPlus::window::create”的声明
      D:\Project\C\AEXModule\AEXModule\template\GUI库\登录辅助验证窗口\main.cpp(28,7):
      尝试匹配参数列表“(int, LPCWSTR, const wchar_t [6], WinGuiPlus::window::INFO, loginWin::<lambda_1>)”时
  
D:\Project\C\AEXModule\AEXModule\template\GUI库\登录辅助验证窗口\main.cpp(98,7): error C2664: “HWND WinGuiPlus::window::create(HWND,LPCWSTR,LPCWSTR,WinGuiPlus::window::INFO,WinGuiPlus::window::callBack)”: 无法将参数 5 从“ChangeBind::<lambda_1>”转换为“WinGuiPlus::window::callBack”
      D:\Project\C\AEXModule\AEXModule\template\GUI库\登录辅助验证窗口\main.cpp(105,2):
      没有可用于执行该转换的用户定义的转换运算符，或者无法调用该运算符
      D:\Project\C\AEXModule\AEXModule\h\Gui\WinGuiPlus.h(65,14):
      参见“WinGuiPlus::window::create”的声明
      D:\Project\C\AEXModule\AEXModule\template\GUI库\登录辅助验证窗口\main.cpp(98,7):
      尝试匹配参数列表“(HWND, const wchar_t [3], const wchar_t [11], WinGuiPlus::window::INFO, ChangeBind::<lambda_1>)”时
  
D:\Project\C\AEXModule\AEXModule\template\GUI库\登录辅助验证窗口\main.cpp(116,7): error C2664: “HWND WinGuiPlus::window::create(HWND,LPCWSTR,LPCWSTR,WinGuiPlus::window::INFO,WinGuiPlus::window::callBack)”: 无法将参数 5 从“FuncWin::<lambda_1>”转换为“WinGuiPlus::window::callBack”
      D:\Project\C\AEXModule\AEXModule\template\GUI库\登录辅助验证窗口\main.cpp(128,2):
      没有可用于执行该转换的用户定义的转换运算符，或者无法调用该运算符
      D:\Project\C\AEXModule\AEXModule\h\Gui\WinGuiPlus.h(65,14):
      参见“WinGuiPlus::window::create”的声明
      D:\Project\C\AEXModule\AEXModule\template\GUI库\登录辅助验证窗口\main.cpp(116,7):
      尝试匹配参数列表“(int, const wchar_t [4], const wchar_t [8], WinGuiPlus::window::INFO, FuncWin::<lambda_1>)”时
  
