d:\project\c\aexmodule\aexmodule\libs\aexmodule_md.pdb
d:\project\c\aexmodule\aexmodule\release-md\checkbox.obj
d:\project\c\aexmodule\aexmodule\release-md\button.obj
d:\project\c\aexmodule\aexmodule\release-md\wingui.obj
d:\project\c\aexmodule\aexmodule\release-md\file.obj
d:\project\c\aexmodule\aexmodule\release-md\encryption.obj
d:\project\c\aexmodule\aexmodule\release-md\byteset.obj
d:\project\c\aexmodule\aexmodule\release-md\ntdll.obj
d:\project\c\aexmodule\aexmodule\release-md\kernel32.obj
d:\project\c\aexmodule\aexmodule\release-md\aexstore.obj
d:\project\c\aexmodule\aexmodule\release-md\r3hook.obj
d:\project\c\aexmodule\aexmodule\release-md\inject.obj
d:\project\c\aexmodule\aexmodule\release-md\progressbar.obj
d:\project\c\aexmodule\aexmodule\release-md\winguiplus.obj
d:\project\c\aexmodule\aexmodule\release-md\imwindow.obj
d:\project\c\aexmodule\aexmodule\release-md\imsliderfloat.obj
d:\project\c\aexmodule\aexmodule\release-md\immenu.obj
d:\project\c\aexmodule\aexmodule\release-md\iminput.obj
d:\project\c\aexmodule\aexmodule\release-md\imcheckbox.obj
d:\project\c\aexmodule\aexmodule\release-md\imbutton.obj
d:\project\c\aexmodule\aexmodule\release-md\doubles.obj
d:\project\c\aexmodule\aexmodule\release-md\system.obj
d:\project\c\aexmodule\aexmodule\release-md\sqlite.obj
d:\project\c\aexmodule\aexmodule\release-md\process.obj
d:\project\c\aexmodule\aexmodule\release-md\portableexecutable.obj
d:\project\c\aexmodule\aexmodule\release-md\tcp.obj
d:\project\c\aexmodule\aexmodule\release-md\server.obj
d:\project\c\aexmodule\aexmodule\release-md\client.obj
d:\project\c\aexmodule\aexmodule\release-md\http.obj
d:\project\c\aexmodule\aexmodule\release-md\network.obj
d:\project\c\aexmodule\aexmodule\release-md\r3.obj
d:\project\c\aexmodule\aexmodule\release-md\vehhook.obj
d:\project\c\aexmodule\aexmodule\release-md\embeddedcall.obj
d:\project\c\aexmodule\aexmodule\release-md\_msg.obj
d:\project\c\aexmodule\aexmodule\release-md\picture.obj
d:\project\c\aexmodule\aexmodule\release-md\panel_msg.obj
d:\project\c\aexmodule\aexmodule\release-md\panel.obj
d:\project\c\aexmodule\aexmodule\release-md\label.obj
d:\project\c\aexmodule\aexmodule\release-md\edit.obj
d:\project\c\aexmodule\aexmodule\release-md\main.obj
d:\project\c\aexmodule\aexmodule\release-md\json_writer.obj
d:\project\c\aexmodule\aexmodule\release-md\json_value.obj
d:\project\c\aexmodule\aexmodule\release-md\json_reader.obj
d:\project\c\aexmodule\aexmodule\release-md\imgui_widgets.obj
d:\project\c\aexmodule\aexmodule\release-md\imgui_tables.obj
d:\project\c\aexmodule\aexmodule\release-md\imgui_draw.obj
d:\project\c\aexmodule\aexmodule\release-md\imgui_demo.obj
d:\project\c\aexmodule\aexmodule\release-md\imgui.obj
d:\project\c\aexmodule\aexmodule\release-md\imgui_impl_win32.obj
d:\project\c\aexmodule\aexmodule\release-md\imgui_impl_opengl3.obj
d:\project\c\aexmodule\aexmodule\release-md\imgui_impl_dx9.obj
d:\project\c\aexmodule\aexmodule\release-md\imgui_impl_dx11.obj
d:\project\c\aexmodule\aexmodule\release-md\imgui_impl_dx10.obj
d:\project\c\aexmodule\aexmodule\release-md\thread.obj
d:\project\c\aexmodule\aexmodule\release-md\text.obj
d:\project\c\aexmodule\aexmodule\release-md\sqlite3.obj
d:\project\c\aexmodule\aexmodule\release-md\shell.obj
d:\project\c\aexmodule\aexmodule\libs\aexmodule_md.lib
d:\project\c\aexmodule\aexmodule\release-md\aexmodule.tlog\cl.command.1.tlog
d:\project\c\aexmodule\aexmodule\release-md\aexmodule.tlog\cl.items.tlog
d:\project\c\aexmodule\aexmodule\release-md\aexmodule.tlog\cl.read.1.tlog
d:\project\c\aexmodule\aexmodule\release-md\aexmodule.tlog\cl.write.1.tlog
d:\project\c\aexmodule\aexmodule\release-md\aexmodule.tlog\lib-link.read.1.tlog
d:\project\c\aexmodule\aexmodule\release-md\aexmodule.tlog\lib-link.write.1.tlog
d:\project\c\aexmodule\aexmodule\release-md\aexmodule.tlog\lib.command.1.tlog
