  Doubles.cpp
  Inject.cpp
  R3HOOK.cpp
D:\Project\C\AEXModule\AEXModule\cpp\Memory\R3HOOK.cpp(88,54): warning C4244: “参数”: 从“__int64”转换到“DWORD”，可能丢失数据
  AEXStore.cpp
D:\Project\C\AEXModule\AEXModule\cpp\AEXStore.cpp(118,16): warning C4244: “=”: 从“__int64”转换到“size_t”，可能丢失数据
  kernel32.cpp
  ntdll.cpp
  Byteset.cpp
D:\Project\C\AEXModule\AEXModule\cpp\Byteset.cpp(89,24): warning C4244: “参数”: 从“unsigned __int64”转换到“const unsigned int”，可能丢失数据
D:\Project\C\AEXModule\AEXModule\cpp\Byteset.cpp(172,24): warning C4244: “参数”: 从“__int64”转换到“const unsigned int”，可能丢失数据
D:\Project\C\AEXModule\AEXModule\cpp\Byteset.cpp(177,24): warning C4244: “参数”: 从“__int64”转换到“const unsigned int”，可能丢失数据
D:\Project\C\AEXModule\AEXModule\cpp\Byteset.cpp(188,24): warning C4244: “参数”: 从“__int64”转换到“const unsigned int”，可能丢失数据
D:\Project\C\AEXModule\AEXModule\cpp\Byteset.cpp(210,43): warning C4244: “参数”: 从“__int64”转换到“const int”，可能丢失数据
D:\Project\C\AEXModule\AEXModule\cpp\Byteset.cpp(227,49): warning C4244: “参数”: 从“__int64”转换到“const int”，可能丢失数据
D:\Project\C\AEXModule\AEXModule\cpp\Byteset.cpp(227,76): warning C4244: “参数”: 从“__int64”转换到“const int”，可能丢失数据
D:\Project\C\AEXModule\AEXModule\cpp\Byteset.cpp(227,82): warning C4244: “参数”: 从“__int64”转换到“const int”，可能丢失数据
D:\Project\C\AEXModule\AEXModule\cpp\Byteset.cpp(228,50): warning C4244: “参数”: 从“__int64”转换到“const int”，可能丢失数据
D:\Project\C\AEXModule\AEXModule\cpp\Byteset.cpp(247,49): warning C4244: “参数”: 从“__int64”转换到“const int”，可能丢失数据
D:\Project\C\AEXModule\AEXModule\cpp\Byteset.cpp(247,76): warning C4244: “参数”: 从“__int64”转换到“const int”，可能丢失数据
D:\Project\C\AEXModule\AEXModule\cpp\Byteset.cpp(247,82): warning C4244: “参数”: 从“__int64”转换到“const int”，可能丢失数据
D:\Project\C\AEXModule\AEXModule\cpp\Byteset.cpp(272,46): warning C4244: “参数”: 从“__int64”转换到“const int”，可能丢失数据
D:\Project\C\AEXModule\AEXModule\cpp\Byteset.cpp(272,94): warning C4244: “参数”: 从“__int64”转换到“const int”，可能丢失数据
  Encryption.cpp
  File.cpp
D:\Project\C\AEXModule\AEXModule\cpp\File.cpp(116,31): warning C4244: “初始化”: 从“__int64”转换到“unsigned int”，可能丢失数据
D:\Project\C\AEXModule\AEXModule\cpp\File.cpp(166,67): warning C4244: “参数”: 从“__int64”转换到“DWORD”，可能丢失数据
D:\Project\C\AEXModule\AEXModule\cpp\File.cpp(197,30): warning C4244: “参数”: 从“__int64”转换到“const unsigned int”，可能丢失数据
D:\Project\C\AEXModule\AEXModule\cpp\File.cpp(199,41): warning C4244: “参数”: 从“__int64”转换到“DWORD”，可能丢失数据
D:\Project\C\AEXModule\AEXModule\cpp\File.cpp(206,57): warning C4244: “参数”: 从“__int64”转换到“DWORD”，可能丢失数据
D:\Project\C\AEXModule\AEXModule\cpp\File.cpp(209,63): warning C4244: “参数”: 从“__int64”转换到“DWORD”，可能丢失数据
D:\Project\C\AEXModule\AEXModule\cpp\File.cpp(224,38): warning C4244: “初始化”: 从“__int64”转换到“size_t”，可能丢失数据
D:\Project\C\AEXModule\AEXModule\cpp\File.cpp(224,27): warning C4244: “初始化”: 从“__int64”转换到“const size_t”，可能丢失数据
  WinGui.cpp
  WinGuiPlus.cpp
  Button.cpp
  CheckBox.cpp
D:\Project\C\AEXModule\AEXModule\cpp\Gui\WinGuiPlus\CheckBox.cpp(22,20): warning C4244: “初始化”: 从“float”转换到“int”，可能丢失数据
  Edit.cpp
  Label.cpp
D:\Project\C\AEXModule\AEXModule\cpp\Gui\WinGuiPlus\Label.cpp(20,20): warning C4244: “初始化”: 从“float”转换到“int”，可能丢失数据
  panel.cpp
  panel_msg.cpp
  Picture.cpp
  _msg.cpp
  EmbeddedCall.cpp
  正在生成代码...
  正在编译...
  VEHhook.cpp
D:\Project\C\AEXModule\AEXModule\cpp\Memory\VEHhook.cpp(205,70): warning C4244: “参数”: 从“__int64”转换到“SIZE_T”，可能丢失数据
D:\Project\C\AEXModule\AEXModule\cpp\Memory\VEHhook.cpp(385,70): warning C4244: “参数”: 从“__int64”转换到“SIZE_T”，可能丢失数据
  R3.cpp
D:\Project\C\AEXModule\AEXModule\cpp\Memory\R3.cpp(76,105): warning C4244: “参数”: 从“__int64”转换到“SIZE_T”，可能丢失数据
D:\Project\C\AEXModule\AEXModule\cpp\Memory\R3.cpp(298,66): warning C4244: “初始化”: 从“__int64”转换到“size_t”，可能丢失数据
D:\Project\C\AEXModule\AEXModule\cpp\Memory\R3.cpp(298,49): warning C4244: “初始化”: 从“__int64”转换到“const size_t”，可能丢失数据
D:\Project\C\AEXModule\AEXModule\cpp\Memory\R3.cpp(333,62): warning C4244: “初始化”: 从“__int64”转换到“size_t”，可能丢失数据
D:\Project\C\AEXModule\AEXModule\cpp\Memory\R3.cpp(333,45): warning C4244: “初始化”: 从“__int64”转换到“const size_t”，可能丢失数据
  Network.cpp
  client.cpp
  server.cpp
  tcp.cpp
D:\Project\C\AEXModule\AEXModule\cpp\Network\TCP\tcp.cpp(194,59): warning C4244: “参数”: 从“__int64”转换到“double”，可能丢失数据
D:\Project\C\AEXModule\AEXModule\cpp\Network\TCP\tcp.cpp(251,54): warning C4244: “参数”: 从“__int64”转换到“double”，可能丢失数据
D:\Project\C\AEXModule\AEXModule\cpp\Network\TCP\tcp.cpp(266,21): warning C4244: “参数”: 从“__int64”转换到“const unsigned int”，可能丢失数据
D:\Project\C\AEXModule\AEXModule\cpp\Network\TCP\tcp.cpp(428,50): warning C4244: “参数”: 从“__int64”转换到“double”，可能丢失数据
D:\Project\C\AEXModule\AEXModule\cpp\Network\TCP\tcp.cpp(482,50): warning C4244: “参数”: 从“__int64”转换到“double”，可能丢失数据
  PortableExecutable.cpp
D:\Project\C\AEXModule\AEXModule\h\PortableExecutable\data.h(142,16): warning C4091: “typedef ”: 没有声明变量时忽略“PE_EXPORT_FUNCTION”的左侧
  (编译源文件“AEXModule/cpp/PortableExecutable.cpp”)
  
D:\Project\C\AEXModule\AEXModule\cpp\PortableExecutable.cpp(677,33): warning C4244: “=”: 从“DWORD”转换到“WORD”，可能丢失数据
  Process.cpp
  Sqlite.cpp
D:\Project\C\AEXModule\AEXModule\cpp\Sqlite.cpp(114,37): warning C4244: “return”: 从“sqlite3_int64”转换到“int”，可能丢失数据
  System.cpp
  Text.cpp
D:\Project\C\AEXModule\AEXModule\cpp\Text.cpp(197,52): warning C4267: “=”: 从“size_t”转换到“unsigned char”，可能丢失数据
D:\Project\C\AEXModule\AEXModule\cpp\Text.cpp(216,48): warning C4267: “=”: 从“size_t”转换到“unsigned char”，可能丢失数据
  Thread.cpp
  main.cpp
D:\Project\C\AEXModule\AEXModule\h\PortableExecutable\data.h(142,16): warning C4091: “typedef ”: 没有声明变量时忽略“PE_EXPORT_FUNCTION”的左侧
  (编译源文件“main.cpp”)
  
D:\Project\C\AEXModule\main.cpp(81,6): warning C4326: “main”的返回类型应为“int”而非“void”
  正在生成代码...
D:\Project\C\AEXModule\AEXModule\cpp\Memory\VEHhook.cpp(95,1): warning C4715: “MemoryVEHHook::VEHhook::uninstall”: 不是所有的控件路径都返回值
  shell.c
  sqlite3.c
  正在生成代码...
LINK : warning LNK4067: 不明确的入口点；选定“mainCRTStartup”
  AEXModule.vcxproj -> D:\Project\C\AEXModule\test\test.exe
  'pwsh.exe' 不是内部或外部命令，也不是可运行的程序
  或批处理文件。
