d:\project\c\aexmodule\aexmodule\libs\aexmodule_mdd_64.pdb
d:\project\c\aexmodule\aexmodule\x64\release-mdd\checkbox.obj
d:\project\c\aexmodule\aexmodule\x64\release-mdd\button.obj
d:\project\c\aexmodule\aexmodule\x64\release-mdd\wingui.obj
d:\project\c\aexmodule\aexmodule\x64\release-mdd\file.obj
d:\project\c\aexmodule\aexmodule\x64\release-mdd\encryption.obj
d:\project\c\aexmodule\aexmodule\x64\release-mdd\byteset.obj
d:\project\c\aexmodule\aexmodule\x64\release-mdd\ntdll.obj
d:\project\c\aexmodule\aexmodule\x64\release-mdd\kernel32.obj
d:\project\c\aexmodule\aexmodule\x64\release-mdd\aexstore.obj
d:\project\c\aexmodule\aexmodule\x64\release-mdd\r3hook.obj
d:\project\c\aexmodule\aexmodule\x64\release-mdd\inject.obj
d:\project\c\aexmodule\aexmodule\x64\release-mdd\progressbar.obj
d:\project\c\aexmodule\aexmodule\x64\release-mdd\winguiplus.obj
d:\project\c\aexmodule\aexmodule\x64\release-mdd\imwindow.obj
d:\project\c\aexmodule\aexmodule\x64\release-mdd\imsliderfloat.obj
d:\project\c\aexmodule\aexmodule\x64\release-mdd\immenu.obj
d:\project\c\aexmodule\aexmodule\x64\release-mdd\iminput.obj
d:\project\c\aexmodule\aexmodule\x64\release-mdd\imcheckbox.obj
d:\project\c\aexmodule\aexmodule\x64\release-mdd\imbutton.obj
d:\project\c\aexmodule\aexmodule\x64\release-mdd\doubles.obj
d:\project\c\aexmodule\aexmodule\x64\release-mdd\system.obj
d:\project\c\aexmodule\aexmodule\x64\release-mdd\sqlite.obj
d:\project\c\aexmodule\aexmodule\x64\release-mdd\process.obj
d:\project\c\aexmodule\aexmodule\x64\release-mdd\portableexecutable.obj
d:\project\c\aexmodule\aexmodule\x64\release-mdd\tcp.obj
d:\project\c\aexmodule\aexmodule\x64\release-mdd\server.obj
d:\project\c\aexmodule\aexmodule\x64\release-mdd\client.obj
d:\project\c\aexmodule\aexmodule\x64\release-mdd\http.obj
d:\project\c\aexmodule\aexmodule\x64\release-mdd\network.obj
d:\project\c\aexmodule\aexmodule\x64\release-mdd\r3.obj
d:\project\c\aexmodule\aexmodule\x64\release-mdd\vehhook.obj
d:\project\c\aexmodule\aexmodule\x64\release-mdd\embeddedcall.obj
d:\project\c\aexmodule\aexmodule\x64\release-mdd\_msg.obj
d:\project\c\aexmodule\aexmodule\x64\release-mdd\picture.obj
d:\project\c\aexmodule\aexmodule\x64\release-mdd\panel_msg.obj
d:\project\c\aexmodule\aexmodule\x64\release-mdd\panel.obj
d:\project\c\aexmodule\aexmodule\x64\release-mdd\label.obj
d:\project\c\aexmodule\aexmodule\x64\release-mdd\edit.obj
d:\project\c\aexmodule\aexmodule\x64\release-mdd\main.obj
d:\project\c\aexmodule\aexmodule\x64\release-mdd\json_writer.obj
d:\project\c\aexmodule\aexmodule\x64\release-mdd\json_value.obj
d:\project\c\aexmodule\aexmodule\x64\release-mdd\json_reader.obj
d:\project\c\aexmodule\aexmodule\x64\release-mdd\imgui_widgets.obj
d:\project\c\aexmodule\aexmodule\x64\release-mdd\imgui_tables.obj
d:\project\c\aexmodule\aexmodule\x64\release-mdd\imgui_draw.obj
d:\project\c\aexmodule\aexmodule\x64\release-mdd\imgui_demo.obj
d:\project\c\aexmodule\aexmodule\x64\release-mdd\imgui.obj
d:\project\c\aexmodule\aexmodule\x64\release-mdd\imgui_impl_win32.obj
d:\project\c\aexmodule\aexmodule\x64\release-mdd\imgui_impl_opengl3.obj
d:\project\c\aexmodule\aexmodule\x64\release-mdd\imgui_impl_dx9.obj
d:\project\c\aexmodule\aexmodule\x64\release-mdd\imgui_impl_dx11.obj
d:\project\c\aexmodule\aexmodule\x64\release-mdd\imgui_impl_dx10.obj
d:\project\c\aexmodule\aexmodule\x64\release-mdd\thread.obj
d:\project\c\aexmodule\aexmodule\x64\release-mdd\text.obj
d:\project\c\aexmodule\aexmodule\x64\release-mdd\sqlite3.obj
d:\project\c\aexmodule\aexmodule\x64\release-mdd\shell.obj
d:\project\c\aexmodule\aexmodule\libs\aexmodule_mdd_64.lib
d:\project\c\aexmodule\aexmodule\x64\release-mdd\aexmodule.tlog\cl.command.1.tlog
d:\project\c\aexmodule\aexmodule\x64\release-mdd\aexmodule.tlog\cl.items.tlog
d:\project\c\aexmodule\aexmodule\x64\release-mdd\aexmodule.tlog\cl.read.1.tlog
d:\project\c\aexmodule\aexmodule\x64\release-mdd\aexmodule.tlog\cl.write.1.tlog
d:\project\c\aexmodule\aexmodule\x64\release-mdd\aexmodule.tlog\lib-link.read.1.tlog
d:\project\c\aexmodule\aexmodule\x64\release-mdd\aexmodule.tlog\lib-link.write.1.tlog
d:\project\c\aexmodule\aexmodule\x64\release-mdd\aexmodule.tlog\lib.command.1.tlog
