d:\project\c\aexmodule\aexmodule\libs\aexmodule_mt_64.pdb
d:\project\c\aexmodule\aexmodule\x64\release-mt\checkbox.obj
d:\project\c\aexmodule\aexmodule\x64\release-mt\button.obj
d:\project\c\aexmodule\aexmodule\x64\release-mt\wingui.obj
d:\project\c\aexmodule\aexmodule\x64\release-mt\file.obj
d:\project\c\aexmodule\aexmodule\x64\release-mt\encryption.obj
d:\project\c\aexmodule\aexmodule\x64\release-mt\byteset.obj
d:\project\c\aexmodule\aexmodule\x64\release-mt\ntdll.obj
d:\project\c\aexmodule\aexmodule\x64\release-mt\kernel32.obj
d:\project\c\aexmodule\aexmodule\x64\release-mt\aexstore.obj
d:\project\c\aexmodule\aexmodule\x64\release-mt\r3hook.obj
d:\project\c\aexmodule\aexmodule\x64\release-mt\inject.obj
d:\project\c\aexmodule\aexmodule\x64\release-mt\progressbar.obj
d:\project\c\aexmodule\aexmodule\x64\release-mt\winguiplus.obj
d:\project\c\aexmodule\aexmodule\x64\release-mt\imwindow.obj
d:\project\c\aexmodule\aexmodule\x64\release-mt\imsliderfloat.obj
d:\project\c\aexmodule\aexmodule\x64\release-mt\immenu.obj
d:\project\c\aexmodule\aexmodule\x64\release-mt\iminput.obj
d:\project\c\aexmodule\aexmodule\x64\release-mt\imcheckbox.obj
d:\project\c\aexmodule\aexmodule\x64\release-mt\imbutton.obj
d:\project\c\aexmodule\aexmodule\x64\release-mt\doubles.obj
d:\project\c\aexmodule\aexmodule\x64\release-mt\system.obj
d:\project\c\aexmodule\aexmodule\x64\release-mt\sqlite.obj
d:\project\c\aexmodule\aexmodule\x64\release-mt\process.obj
d:\project\c\aexmodule\aexmodule\x64\release-mt\portableexecutable.obj
d:\project\c\aexmodule\aexmodule\x64\release-mt\tcp.obj
d:\project\c\aexmodule\aexmodule\x64\release-mt\server.obj
d:\project\c\aexmodule\aexmodule\x64\release-mt\client.obj
d:\project\c\aexmodule\aexmodule\x64\release-mt\http.obj
d:\project\c\aexmodule\aexmodule\x64\release-mt\network.obj
d:\project\c\aexmodule\aexmodule\x64\release-mt\r3.obj
d:\project\c\aexmodule\aexmodule\x64\release-mt\vehhook.obj
d:\project\c\aexmodule\aexmodule\x64\release-mt\embeddedcall.obj
d:\project\c\aexmodule\aexmodule\x64\release-mt\_msg.obj
d:\project\c\aexmodule\aexmodule\x64\release-mt\picture.obj
d:\project\c\aexmodule\aexmodule\x64\release-mt\panel_msg.obj
d:\project\c\aexmodule\aexmodule\x64\release-mt\panel.obj
d:\project\c\aexmodule\aexmodule\x64\release-mt\label.obj
d:\project\c\aexmodule\aexmodule\x64\release-mt\edit.obj
d:\project\c\aexmodule\aexmodule\x64\release-mt\main.obj
d:\project\c\aexmodule\aexmodule\x64\release-mt\json_writer.obj
d:\project\c\aexmodule\aexmodule\x64\release-mt\json_value.obj
d:\project\c\aexmodule\aexmodule\x64\release-mt\json_reader.obj
d:\project\c\aexmodule\aexmodule\x64\release-mt\imgui_widgets.obj
d:\project\c\aexmodule\aexmodule\x64\release-mt\imgui_tables.obj
d:\project\c\aexmodule\aexmodule\x64\release-mt\imgui_draw.obj
d:\project\c\aexmodule\aexmodule\x64\release-mt\imgui_demo.obj
d:\project\c\aexmodule\aexmodule\x64\release-mt\imgui.obj
d:\project\c\aexmodule\aexmodule\x64\release-mt\imgui_impl_win32.obj
d:\project\c\aexmodule\aexmodule\x64\release-mt\imgui_impl_opengl3.obj
d:\project\c\aexmodule\aexmodule\x64\release-mt\imgui_impl_dx9.obj
d:\project\c\aexmodule\aexmodule\x64\release-mt\imgui_impl_dx11.obj
d:\project\c\aexmodule\aexmodule\x64\release-mt\imgui_impl_dx10.obj
d:\project\c\aexmodule\aexmodule\x64\release-mt\thread.obj
d:\project\c\aexmodule\aexmodule\x64\release-mt\text.obj
d:\project\c\aexmodule\aexmodule\x64\release-mt\sqlite3.obj
d:\project\c\aexmodule\aexmodule\x64\release-mt\shell.obj
d:\project\c\aexmodule\aexmodule\libs\aexmodule_mt_64.lib
d:\project\c\aexmodule\aexmodule\x64\release-mt\aexmodule.tlog\cl.command.1.tlog
d:\project\c\aexmodule\aexmodule\x64\release-mt\aexmodule.tlog\cl.items.tlog
d:\project\c\aexmodule\aexmodule\x64\release-mt\aexmodule.tlog\cl.read.1.tlog
d:\project\c\aexmodule\aexmodule\x64\release-mt\aexmodule.tlog\cl.write.1.tlog
d:\project\c\aexmodule\aexmodule\x64\release-mt\aexmodule.tlog\lib-link.read.1.tlog
d:\project\c\aexmodule\aexmodule\x64\release-mt\aexmodule.tlog\lib-link.write.1.tlog
d:\project\c\aexmodule\aexmodule\x64\release-mt\aexmodule.tlog\lib.command.1.tlog
