d:\project\c\aexmodule\aexmodule\libs\aexmodule_mtd_64.pdb
d:\project\c\aexmodule\aexmodule\x64\release-mtd\checkbox.obj
d:\project\c\aexmodule\aexmodule\x64\release-mtd\button.obj
d:\project\c\aexmodule\aexmodule\x64\release-mtd\wingui.obj
d:\project\c\aexmodule\aexmodule\x64\release-mtd\file.obj
d:\project\c\aexmodule\aexmodule\x64\release-mtd\encryption.obj
d:\project\c\aexmodule\aexmodule\x64\release-mtd\byteset.obj
d:\project\c\aexmodule\aexmodule\x64\release-mtd\ntdll.obj
d:\project\c\aexmodule\aexmodule\x64\release-mtd\kernel32.obj
d:\project\c\aexmodule\aexmodule\x64\release-mtd\aexstore.obj
d:\project\c\aexmodule\aexmodule\x64\release-mtd\r3hook.obj
d:\project\c\aexmodule\aexmodule\x64\release-mtd\inject.obj
d:\project\c\aexmodule\aexmodule\x64\release-mtd\progressbar.obj
d:\project\c\aexmodule\aexmodule\x64\release-mtd\winguiplus.obj
d:\project\c\aexmodule\aexmodule\x64\release-mtd\imwindow.obj
d:\project\c\aexmodule\aexmodule\x64\release-mtd\imsliderfloat.obj
d:\project\c\aexmodule\aexmodule\x64\release-mtd\immenu.obj
d:\project\c\aexmodule\aexmodule\x64\release-mtd\iminput.obj
d:\project\c\aexmodule\aexmodule\x64\release-mtd\imcheckbox.obj
d:\project\c\aexmodule\aexmodule\x64\release-mtd\imbutton.obj
d:\project\c\aexmodule\aexmodule\x64\release-mtd\doubles.obj
d:\project\c\aexmodule\aexmodule\x64\release-mtd\system.obj
d:\project\c\aexmodule\aexmodule\x64\release-mtd\sqlite.obj
d:\project\c\aexmodule\aexmodule\x64\release-mtd\process.obj
d:\project\c\aexmodule\aexmodule\x64\release-mtd\portableexecutable.obj
d:\project\c\aexmodule\aexmodule\x64\release-mtd\tcp.obj
d:\project\c\aexmodule\aexmodule\x64\release-mtd\server.obj
d:\project\c\aexmodule\aexmodule\x64\release-mtd\client.obj
d:\project\c\aexmodule\aexmodule\x64\release-mtd\http.obj
d:\project\c\aexmodule\aexmodule\x64\release-mtd\network.obj
d:\project\c\aexmodule\aexmodule\x64\release-mtd\r3.obj
d:\project\c\aexmodule\aexmodule\x64\release-mtd\vehhook.obj
d:\project\c\aexmodule\aexmodule\x64\release-mtd\embeddedcall.obj
d:\project\c\aexmodule\aexmodule\x64\release-mtd\_msg.obj
d:\project\c\aexmodule\aexmodule\x64\release-mtd\picture.obj
d:\project\c\aexmodule\aexmodule\x64\release-mtd\panel_msg.obj
d:\project\c\aexmodule\aexmodule\x64\release-mtd\panel.obj
d:\project\c\aexmodule\aexmodule\x64\release-mtd\label.obj
d:\project\c\aexmodule\aexmodule\x64\release-mtd\edit.obj
d:\project\c\aexmodule\aexmodule\x64\release-mtd\main.obj
d:\project\c\aexmodule\aexmodule\x64\release-mtd\json_writer.obj
d:\project\c\aexmodule\aexmodule\x64\release-mtd\json_value.obj
d:\project\c\aexmodule\aexmodule\x64\release-mtd\json_reader.obj
d:\project\c\aexmodule\aexmodule\x64\release-mtd\imgui_widgets.obj
d:\project\c\aexmodule\aexmodule\x64\release-mtd\imgui_tables.obj
d:\project\c\aexmodule\aexmodule\x64\release-mtd\imgui_draw.obj
d:\project\c\aexmodule\aexmodule\x64\release-mtd\imgui_demo.obj
d:\project\c\aexmodule\aexmodule\x64\release-mtd\imgui.obj
d:\project\c\aexmodule\aexmodule\x64\release-mtd\imgui_impl_win32.obj
d:\project\c\aexmodule\aexmodule\x64\release-mtd\imgui_impl_opengl3.obj
d:\project\c\aexmodule\aexmodule\x64\release-mtd\imgui_impl_dx9.obj
d:\project\c\aexmodule\aexmodule\x64\release-mtd\imgui_impl_dx11.obj
d:\project\c\aexmodule\aexmodule\x64\release-mtd\imgui_impl_dx10.obj
d:\project\c\aexmodule\aexmodule\x64\release-mtd\thread.obj
d:\project\c\aexmodule\aexmodule\x64\release-mtd\text.obj
d:\project\c\aexmodule\aexmodule\x64\release-mtd\sqlite3.obj
d:\project\c\aexmodule\aexmodule\x64\release-mtd\shell.obj
d:\project\c\aexmodule\aexmodule\libs\aexmodule_mtd_64.lib
d:\project\c\aexmodule\aexmodule\x64\release-mtd\aexmodule.tlog\cl.command.1.tlog
d:\project\c\aexmodule\aexmodule\x64\release-mtd\aexmodule.tlog\cl.items.tlog
d:\project\c\aexmodule\aexmodule\x64\release-mtd\aexmodule.tlog\cl.read.1.tlog
d:\project\c\aexmodule\aexmodule\x64\release-mtd\aexmodule.tlog\cl.write.1.tlog
d:\project\c\aexmodule\aexmodule\x64\release-mtd\aexmodule.tlog\lib-link.read.1.tlog
d:\project\c\aexmodule\aexmodule\x64\release-mtd\aexmodule.tlog\lib-link.write.1.tlog
d:\project\c\aexmodule\aexmodule\x64\release-mtd\aexmodule.tlog\lib.command.1.tlog
